/Users/yonicohen/dev/orionuo-android/OrionUO/Managers/MacroManager.cpp:61:19: warning: implicit conversion from 'SDL_KeyCode' to 'ushort' (aka 'unsigned short') changes value from 1073742048 to 224 [-Wconstant-conversion]
   61 |             key = VK_CONTROL;
      |                 ~ ^~~~~~~~~~
/Users/yonicohen/dev/orionuo-android/OrionUO/Stubs.h:170:20: note: expanded from macro 'VK_CONTROL'
  170 | #define VK_CONTROL SDLK_LCTRL
      |                    ^~~~~~~~~~
/Users/yonicohen/dev/orionuo-android/OrionUO/Managers/MacroManager.cpp:63:19: warning: implicit conversion from 'SDL_KeyCode' to 'ushort' (aka 'unsigned short') changes value from 1073742050 to 226 [-Wconstant-conversion]
   63 |             key = VK_MENU;
      |                 ~ ^~~~~~~
/Users/yonicohen/dev/orionuo-android/OrionUO/Stubs.h:171:17: note: expanded from macro 'VK_MENU'
  171 | #define VK_MENU SDLK_LALT
      |                 ^~~~~~~~~
/Users/yonicohen/dev/orionuo-android/OrionUO/Managers/MacroManager.cpp:65:19: warning: implicit conversion from 'SDL_KeyCode' to 'ushort' (aka 'unsigned short') changes value from 1073742049 to 225 [-Wconstant-conversion]
   65 |             key = VK_SHIFT;
      |                 ~ ^~~~~~~~
/Users/yonicohen/dev/orionuo-android/OrionUO/Stubs.h:169:18: note: expanded from macro 'VK_SHIFT'
  169 | #define VK_SHIFT SDLK_LSHIFT
      |                  ^~~~~~~~~~~
/Users/yonicohen/dev/orionuo-android/OrionUO/Managers/MacroManager.cpp:69:19: warning: implicit conversion from 'SDL_KeyCode' to 'ushort' (aka 'unsigned short') changes value from 1073741881 to 57 [-Wconstant-conversion]
   69 |             key = VK_CAPITAL;
      |                 ~ ^~~~~~~~~~
/Users/yonicohen/dev/orionuo-android/OrionUO/Stubs.h:184:20: note: expanded from macro 'VK_CAPITAL'
  184 | #define VK_CAPITAL SDLK_CAPSLOCK
      |                    ^~~~~~~~~~~~~
/Users/yonicohen/dev/orionuo-android/OrionUO/Managers/MacroManager.cpp:71:19: warning: implicit conversion from 'SDL_KeyCode' to 'ushort' (aka 'unsigned short') changes value from 1073741882 to 58 [-Wconstant-conversion]
   71 |             key = VK_F1;
      |                 ~ ^~~~~
/Users/yonicohen/dev/orionuo-android/OrionUO/Stubs.h:187:15: note: expanded from macro 'VK_F1'
  187 | #define VK_F1 SDLK_F1
      |               ^~~~~~~
/Users/yonicohen/dev/orionuo-android/OrionUO/Managers/MacroManager.cpp:73:19: warning: implicit conversion from 'SDL_KeyCode' to 'ushort' (aka 'unsigned short') changes value from 1073741883 to 59 [-Wconstant-conversion]
   73 |             key = VK_F2;
      |                 ~ ^~~~~
/Users/yonicohen/dev/orionuo-android/OrionUO/Stubs.h:188:15: note: expanded from macro 'VK_F2'
  188 | #define VK_F2 SDLK_F2
      |               ^~~~~~~
/Users/yonicohen/dev/orionuo-android/OrionUO/Managers/MacroManager.cpp:75:19: warning: implicit conversion from 'SDL_KeyCode' to 'ushort' (aka 'unsigned short') changes value from 1073741884 to 60 [-Wconstant-conversion]
   75 |             key = VK_F3;
      |                 ~ ^~~~~
/Users/yonicohen/dev/orionuo-android/OrionUO/Stubs.h:189:15: note: expanded from macro 'VK_F3'
  189 | #define VK_F3 SDLK_F3
      |               ^~~~~~~
/Users/yonicohen/dev/orionuo-android/OrionUO/Managers/MacroManager.cpp:77:19: warning: implicit conversion from 'SDL_KeyCode' to 'ushort' (aka 'unsigned short') changes value from 1073741885 to 61 [-Wconstant-conversion]
   77 |             key = VK_F4;
      |                 ~ ^~~~~
/Users/yonicohen/dev/orionuo-android/OrionUO/Stubs.h:190:15: note: expanded from macro 'VK_F4'
  190 | #define VK_F4 SDLK_F4
      |               ^~~~~~~
/Users/yonicohen/dev/orionuo-android/OrionUO/Managers/MacroManager.cpp:79:19: warning: implicit conversion from 'SDL_KeyCode' to 'ushort' (aka 'unsigned short') changes value from 1073741886 to 62 [-Wconstant-conversion]
   79 |             key = VK_F5;
      |                 ~ ^~~~~
/Users/yonicohen/dev/orionuo-android/OrionUO/Stubs.h:191:15: note: expanded from macro 'VK_F5'
  191 | #define VK_F5 SDLK_F5
      |               ^~~~~~~
/Users/yonicohen/dev/orionuo-android/OrionUO/Managers/MacroManager.cpp:81:19: warning: implicit conversion from 'SDL_KeyCode' to 'ushort' (aka 'unsigned short') changes value from 1073741887 to 63 [-Wconstant-conversion]
   81 |             key = VK_F6;
      |                 ~ ^~~~~
/Users/yonicohen/dev/orionuo-android/OrionUO/Stubs.h:192:15: note: expanded from macro 'VK_F6'
  192 | #define VK_F6 SDLK_F6
      |               ^~~~~~~
/Users/yonicohen/dev/orionuo-android/OrionUO/Managers/MacroManager.cpp:83:19: warning: implicit conversion from 'SDL_KeyCode' to 'ushort' (aka 'unsigned short') changes value from 1073741888 to 64 [-Wconstant-conversion]
   83 |             key = VK_F7;
      |                 ~ ^~~~~
/Users/yonicohen/dev/orionuo-android/OrionUO/Stubs.h:193:15: note: expanded from macro 'VK_F7'
  193 | #define VK_F7 SDLK_F7
      |               ^~~~~~~
/Users/yonicohen/dev/orionuo-android/OrionUO/Managers/MacroManager.cpp:85:19: warning: implicit conversion from 'SDL_KeyCode' to 'ushort' (aka 'unsigned short') changes value from 1073741889 to 65 [-Wconstant-conversion]
   85 |             key = VK_F8;
      |                 ~ ^~~~~
/Users/yonicohen/dev/orionuo-android/OrionUO/Stubs.h:194:15: note: expanded from macro 'VK_F8'
  194 | #define VK_F8 SDLK_F8
      |               ^~~~~~~
/Users/yonicohen/dev/orionuo-android/OrionUO/Managers/MacroManager.cpp:87:19: warning: implicit conversion from 'SDL_KeyCode' to 'ushort' (aka 'unsigned short') changes value from 1073741890 to 66 [-Wconstant-conversion]
   87 |             key = VK_F9;
      |                 ~ ^~~~~
/Users/yonicohen/dev/orionuo-android/OrionUO/Stubs.h:195:15: note: expanded from macro 'VK_F9'
  195 | #define VK_F9 SDLK_F9
      |               ^~~~~~~
/Users/yonicohen/dev/orionuo-android/OrionUO/Managers/MacroManager.cpp:89:19: warning: implicit conversion from 'SDL_KeyCode' to 'ushort' (aka 'unsigned short') changes value from 1073741891 to 67 [-Wconstant-conversion]
   89 |             key = VK_F10;
      |                 ~ ^~~~~~
/Users/yonicohen/dev/orionuo-android/OrionUO/Stubs.h:196:16: note: expanded from macro 'VK_F10'
  196 | #define VK_F10 SDLK_F10
      |                ^~~~~~~~
/Users/yonicohen/dev/orionuo-android/OrionUO/Managers/MacroManager.cpp:91:19: warning: implicit conversion from 'SDL_KeyCode' to 'ushort' (aka 'unsigned short') changes value from 1073741892 to 68 [-Wconstant-conversion]
   91 |             key = VK_F11;
      |                 ~ ^~~~~~
/Users/yonicohen/dev/orionuo-android/OrionUO/Stubs.h:197:16: note: expanded from macro 'VK_F11'
  197 | #define VK_F11 SDLK_F11
      |                ^~~~~~~~
/Users/yonicohen/dev/orionuo-android/OrionUO/Managers/MacroManager.cpp:93:19: warning: implicit conversion from 'SDL_KeyCode' to 'ushort' (aka 'unsigned short') changes value from 1073741893 to 69 [-Wconstant-conversion]
   93 |             key = VK_F12;
      |                 ~ ^~~~~~
/Users/yonicohen/dev/orionuo-android/OrionUO/Stubs.h:198:16: note: expanded from macro 'VK_F12'
  198 | #define VK_F12 SDLK_F12
      |                ^~~~~~~~
/Users/yonicohen/dev/orionuo-android/OrionUO/Managers/MacroManager.cpp:95:19: warning: implicit conversion from 'SDL_KeyCode' to 'ushort' (aka 'unsigned short') changes value from 1073741896 to 72 [-Wconstant-conversion]
   95 |             key = VK_PAUSE;
      |                 ~ ^~~~~~~~
/Users/yonicohen/dev/orionuo-android/OrionUO/Stubs.h:185:18: note: expanded from macro 'VK_PAUSE'
  185 | #define VK_PAUSE SDLK_PAUSE
      |                  ^~~~~~~~~~
/Users/yonicohen/dev/orionuo-android/OrionUO/Managers/MacroManager.cpp:97:19: warning: implicit conversion from 'SDL_KeyCode' to 'ushort' (aka 'unsigned short') changes value from 1073741895 to 71 [-Wconstant-conversion]
   97 |             key = VK_SCROLL;
      |                 ~ ^~~~~~~~~
/Users/yonicohen/dev/orionuo-android/OrionUO/Stubs.h:186:19: note: expanded from macro 'VK_SCROLL'
  186 | #define VK_SCROLL SDLK_SCROLLLOCK
      |                   ^~~~~~~~~~~~~~~
/Users/yonicohen/dev/orionuo-android/OrionUO/Managers/MacroManager.cpp:99:19: warning: implicit conversion from 'SDL_KeyCode' to 'ushort' (aka 'unsigned short') changes value from 1073741922 to 98 [-Wconstant-conversion]
   99 |             key = VK_NUMPAD0;
      |                 ~ ^~~~~~~~~~
/Users/yonicohen/dev/orionuo-android/OrionUO/Stubs.h:199:20: note: expanded from macro 'VK_NUMPAD0'
  199 | #define VK_NUMPAD0 SDLK_KP_0
      |                    ^~~~~~~~~
/Users/yonicohen/dev/orionuo-android/OrionUO/Managers/MacroManager.cpp:101:19: warning: implicit conversion from 'SDL_KeyCode' to 'ushort' (aka 'unsigned short') changes value from 1073741913 to 89 [-Wconstant-conversion]
  101 |             key = VK_NUMPAD1;
      |                 ~ ^~~~~~~~~~
/Users/yonicohen/dev/orionuo-android/OrionUO/Stubs.h:200:20: note: expanded from macro 'VK_NUMPAD1'
  200 | #define VK_NUMPAD1 SDLK_KP_1
      |                    ^~~~~~~~~
/Users/yonicohen/dev/orionuo-android/OrionUO/Managers/MacroManager.cpp:103:19: warning: implicit conversion from 'SDL_KeyCode' to 'ushort' (aka 'unsigned short') changes value from 1073741914 to 90 [-Wconstant-conversion]
  103 |             key = VK_NUMPAD2;
      |                 ~ ^~~~~~~~~~
/Users/yonicohen/dev/orionuo-android/OrionUO/Stubs.h:201:20: note: expanded from macro 'VK_NUMPAD2'
  201 | #define VK_NUMPAD2 SDLK_KP_2
      |                    ^~~~~~~~~
/Users/yonicohen/dev/orionuo-android/OrionUO/Managers/MacroManager.cpp:105:19: warning: implicit conversion from 'SDL_KeyCode' to 'ushort' (aka 'unsigned short') changes value from 1073741915 to 91 [-Wconstant-conversion]
  105 |             key = VK_NUMPAD3;
      |                 ~ ^~~~~~~~~~
/Users/yonicohen/dev/orionuo-android/OrionUO/Stubs.h:202:20: note: expanded from macro 'VK_NUMPAD3'
  202 | #define VK_NUMPAD3 SDLK_KP_3
      |                    ^~~~~~~~~
/Users/yonicohen/dev/orionuo-android/OrionUO/Managers/MacroManager.cpp:107:19: warning: implicit conversion from 'SDL_KeyCode' to 'ushort' (aka 'unsigned short') changes value from 1073741916 to 92 [-Wconstant-conversion]
  107 |             key = VK_NUMPAD4;
      |                 ~ ^~~~~~~~~~
/Users/yonicohen/dev/orionuo-android/OrionUO/Stubs.h:203:20: note: expanded from macro 'VK_NUMPAD4'
  203 | #define VK_NUMPAD4 SDLK_KP_4
      |                    ^~~~~~~~~
/Users/yonicohen/dev/orionuo-android/OrionUO/Managers/MacroManager.cpp:109:19: warning: implicit conversion from 'SDL_KeyCode' to 'ushort' (aka 'unsigned short') changes value from 1073741917 to 93 [-Wconstant-conversion]
  109 |             key = VK_NUMPAD5;
      |                 ~ ^~~~~~~~~~
/Users/yonicohen/dev/orionuo-android/OrionUO/Stubs.h:204:20: note: expanded from macro 'VK_NUMPAD5'
  204 | #define VK_NUMPAD5 SDLK_KP_5
      |                    ^~~~~~~~~
/Users/yonicohen/dev/orionuo-android/OrionUO/Managers/MacroManager.cpp:111:19: warning: implicit conversion from 'SDL_KeyCode' to 'ushort' (aka 'unsigned short') changes value from 1073741918 to 94 [-Wconstant-conversion]
  111 |             key = VK_NUMPAD6;
      |                 ~ ^~~~~~~~~~
/Users/yonicohen/dev/orionuo-android/OrionUO/Stubs.h:205:20: note: expanded from macro 'VK_NUMPAD6'
  205 | #define VK_NUMPAD6 SDLK_KP_6
      |                    ^~~~~~~~~
/Users/yonicohen/dev/orionuo-android/OrionUO/Managers/MacroManager.cpp:113:19: warning: implicit conversion from 'SDL_KeyCode' to 'ushort' (aka 'unsigned short') changes value from 1073741919 to 95 [-Wconstant-conversion]
  113 |             key = VK_NUMPAD7;
      |                 ~ ^~~~~~~~~~
/Users/yonicohen/dev/orionuo-android/OrionUO/Stubs.h:206:20: note: expanded from macro 'VK_NUMPAD7'
  206 | #define VK_NUMPAD7 SDLK_KP_7
      |                    ^~~~~~~~~
/Users/yonicohen/dev/orionuo-android/OrionUO/Managers/MacroManager.cpp:115:19: warning: implicit conversion from 'SDL_KeyCode' to 'ushort' (aka 'unsigned short') changes value from 1073741920 to 96 [-Wconstant-conversion]
  115 |             key = VK_NUMPAD8;
      |                 ~ ^~~~~~~~~~
/Users/yonicohen/dev/orionuo-android/OrionUO/Stubs.h:207:20: note: expanded from macro 'VK_NUMPAD8'
  207 | #define VK_NUMPAD8 SDLK_KP_8
      |                    ^~~~~~~~~
/Users/yonicohen/dev/orionuo-android/OrionUO/Managers/MacroManager.cpp:117:19: warning: implicit conversion from 'SDL_KeyCode' to 'ushort' (aka 'unsigned short') changes value from 1073741921 to 97 [-Wconstant-conversion]
  117 |             key = VK_NUMPAD9;
      |                 ~ ^~~~~~~~~~
/Users/yonicohen/dev/orionuo-android/OrionUO/Stubs.h:208:20: note: expanded from macro 'VK_NUMPAD9'
  208 | #define VK_NUMPAD9 SDLK_KP_9
      |                    ^~~~~~~~~
28 warnings generated.
