/Users/yonicohen/dev/orionuo-android/OrionUO/Wisp/WispGlobal.cpp:66:35: warning: 'codecvt_utf8_utf16<wchar_t>' is deprecated [-Wdeprecated-declarations]
   66 |         std::wstring_convert<std::codecvt_utf8_utf16<wchar_t>> converter;
      |                                   ^
/opt/homebrew/Caskroom/android-ndk/29/AndroidNDK14206865.app/Contents/NDK/toolchains/llvm/prebuilt/darwin-x86_64/bin/../sysroot/usr/include/c++/v1/codecvt:571:28: note: 'codecvt_utf8_utf16<wchar_t>' has been explicitly marked deprecated here
  571 | class _LIBCPP_TEMPLATE_VIS _LIBCPP_DEPRECATED_IN_CXX17 codecvt_utf8_utf16 : public __codecvt_utf8_utf16<_Elem> {
      |                            ^
/opt/homebrew/Caskroom/android-ndk/29/AndroidNDK14206865.app/Contents/NDK/toolchains/llvm/prebuilt/darwin-x86_64/bin/../sysroot/usr/include/c++/v1/__config:725:41: note: expanded from macro '_LIBCPP_DEPRECATED_IN_CXX17'
  725 | #    define _LIBCPP_DEPRECATED_IN_CXX17 _LIBCPP_DEPRECATED
      |                                         ^
/opt/homebrew/Caskroom/android-ndk/29/AndroidNDK14206865.app/Contents/NDK/toolchains/llvm/prebuilt/darwin-x86_64/bin/../sysroot/usr/include/c++/v1/__config:698:49: note: expanded from macro '_LIBCPP_DEPRECATED'
  698 | #      define _LIBCPP_DEPRECATED __attribute__((__deprecated__))
      |                                                 ^
/Users/yonicohen/dev/orionuo-android/OrionUO/Wisp/WispGlobal.cpp:66:14: warning: 'wstring_convert<std::codecvt_utf8_utf16<wchar_t>>' is deprecated [-Wdeprecated-declarations]
   66 |         std::wstring_convert<std::codecvt_utf8_utf16<wchar_t>> converter;
      |              ^
/opt/homebrew/Caskroom/android-ndk/29/AndroidNDK14206865.app/Contents/NDK/toolchains/llvm/prebuilt/darwin-x86_64/bin/../sysroot/usr/include/c++/v1/locale:3070:28: note: 'wstring_convert<std::codecvt_utf8_utf16<wchar_t>>' has been explicitly marked deprecated here
 3070 | class _LIBCPP_TEMPLATE_VIS _LIBCPP_DEPRECATED_IN_CXX17 wstring_convert {
      |                            ^
/opt/homebrew/Caskroom/android-ndk/29/AndroidNDK14206865.app/Contents/NDK/toolchains/llvm/prebuilt/darwin-x86_64/bin/../sysroot/usr/include/c++/v1/__config:725:41: note: expanded from macro '_LIBCPP_DEPRECATED_IN_CXX17'
  725 | #    define _LIBCPP_DEPRECATED_IN_CXX17 _LIBCPP_DEPRECATED
      |                                         ^
/opt/homebrew/Caskroom/android-ndk/29/AndroidNDK14206865.app/Contents/NDK/toolchains/llvm/prebuilt/darwin-x86_64/bin/../sysroot/usr/include/c++/v1/__config:698:49: note: expanded from macro '_LIBCPP_DEPRECATED'
  698 | #      define _LIBCPP_DEPRECATED __attribute__((__deprecated__))
      |                                                 ^
/Users/yonicohen/dev/orionuo-android/OrionUO/Wisp/WispGlobal.cpp:96:35: warning: 'codecvt_utf8_utf16<wchar_t>' is deprecated [-Wdeprecated-declarations]
   96 |         std::wstring_convert<std::codecvt_utf8_utf16<wchar_t>> converter;
      |                                   ^
/opt/homebrew/Caskroom/android-ndk/29/AndroidNDK14206865.app/Contents/NDK/toolchains/llvm/prebuilt/darwin-x86_64/bin/../sysroot/usr/include/c++/v1/codecvt:571:28: note: 'codecvt_utf8_utf16<wchar_t>' has been explicitly marked deprecated here
  571 | class _LIBCPP_TEMPLATE_VIS _LIBCPP_DEPRECATED_IN_CXX17 codecvt_utf8_utf16 : public __codecvt_utf8_utf16<_Elem> {
      |                            ^
/opt/homebrew/Caskroom/android-ndk/29/AndroidNDK14206865.app/Contents/NDK/toolchains/llvm/prebuilt/darwin-x86_64/bin/../sysroot/usr/include/c++/v1/__config:725:41: note: expanded from macro '_LIBCPP_DEPRECATED_IN_CXX17'
  725 | #    define _LIBCPP_DEPRECATED_IN_CXX17 _LIBCPP_DEPRECATED
      |                                         ^
/opt/homebrew/Caskroom/android-ndk/29/AndroidNDK14206865.app/Contents/NDK/toolchains/llvm/prebuilt/darwin-x86_64/bin/../sysroot/usr/include/c++/v1/__config:698:49: note: expanded from macro '_LIBCPP_DEPRECATED'
  698 | #      define _LIBCPP_DEPRECATED __attribute__((__deprecated__))
      |                                                 ^
/Users/yonicohen/dev/orionuo-android/OrionUO/Wisp/WispGlobal.cpp:96:14: warning: 'wstring_convert<std::codecvt_utf8_utf16<wchar_t>>' is deprecated [-Wdeprecated-declarations]
   96 |         std::wstring_convert<std::codecvt_utf8_utf16<wchar_t>> converter;
      |              ^
/opt/homebrew/Caskroom/android-ndk/29/AndroidNDK14206865.app/Contents/NDK/toolchains/llvm/prebuilt/darwin-x86_64/bin/../sysroot/usr/include/c++/v1/locale:3070:28: note: 'wstring_convert<std::codecvt_utf8_utf16<wchar_t>>' has been explicitly marked deprecated here
 3070 | class _LIBCPP_TEMPLATE_VIS _LIBCPP_DEPRECATED_IN_CXX17 wstring_convert {
      |                            ^
/opt/homebrew/Caskroom/android-ndk/29/AndroidNDK14206865.app/Contents/NDK/toolchains/llvm/prebuilt/darwin-x86_64/bin/../sysroot/usr/include/c++/v1/__config:725:41: note: expanded from macro '_LIBCPP_DEPRECATED_IN_CXX17'
  725 | #    define _LIBCPP_DEPRECATED_IN_CXX17 _LIBCPP_DEPRECATED
      |                                         ^
/opt/homebrew/Caskroom/android-ndk/29/AndroidNDK14206865.app/Contents/NDK/toolchains/llvm/prebuilt/darwin-x86_64/bin/../sysroot/usr/include/c++/v1/__config:698:49: note: expanded from macro '_LIBCPP_DEPRECATED'
  698 | #      define _LIBCPP_DEPRECATED __attribute__((__deprecated__))
      |                                                 ^
/Users/yonicohen/dev/orionuo-android/OrionUO/Wisp/WispGlobal.cpp:170:31: warning: 'codecvt_utf8_utf16<wchar_t>' is deprecated [-Wdeprecated-declarations]
  170 |     std::wstring_convert<std::codecvt_utf8_utf16<wchar_t>> converter;
      |                               ^
/opt/homebrew/Caskroom/android-ndk/29/AndroidNDK14206865.app/Contents/NDK/toolchains/llvm/prebuilt/darwin-x86_64/bin/../sysroot/usr/include/c++/v1/codecvt:571:28: note: 'codecvt_utf8_utf16<wchar_t>' has been explicitly marked deprecated here
  571 | class _LIBCPP_TEMPLATE_VIS _LIBCPP_DEPRECATED_IN_CXX17 codecvt_utf8_utf16 : public __codecvt_utf8_utf16<_Elem> {
      |                            ^
/opt/homebrew/Caskroom/android-ndk/29/AndroidNDK14206865.app/Contents/NDK/toolchains/llvm/prebuilt/darwin-x86_64/bin/../sysroot/usr/include/c++/v1/__config:725:41: note: expanded from macro '_LIBCPP_DEPRECATED_IN_CXX17'
  725 | #    define _LIBCPP_DEPRECATED_IN_CXX17 _LIBCPP_DEPRECATED
      |                                         ^
/opt/homebrew/Caskroom/android-ndk/29/AndroidNDK14206865.app/Contents/NDK/toolchains/llvm/prebuilt/darwin-x86_64/bin/../sysroot/usr/include/c++/v1/__config:698:49: note: expanded from macro '_LIBCPP_DEPRECATED'
  698 | #      define _LIBCPP_DEPRECATED __attribute__((__deprecated__))
      |                                                 ^
/Users/yonicohen/dev/orionuo-android/OrionUO/Wisp/WispGlobal.cpp:170:10: warning: 'wstring_convert<std::codecvt_utf8_utf16<wchar_t>>' is deprecated [-Wdeprecated-declarations]
  170 |     std::wstring_convert<std::codecvt_utf8_utf16<wchar_t>> converter;
      |          ^
/opt/homebrew/Caskroom/android-ndk/29/AndroidNDK14206865.app/Contents/NDK/toolchains/llvm/prebuilt/darwin-x86_64/bin/../sysroot/usr/include/c++/v1/locale:3070:28: note: 'wstring_convert<std::codecvt_utf8_utf16<wchar_t>>' has been explicitly marked deprecated here
 3070 | class _LIBCPP_TEMPLATE_VIS _LIBCPP_DEPRECATED_IN_CXX17 wstring_convert {
      |                            ^
/opt/homebrew/Caskroom/android-ndk/29/AndroidNDK14206865.app/Contents/NDK/toolchains/llvm/prebuilt/darwin-x86_64/bin/../sysroot/usr/include/c++/v1/__config:725:41: note: expanded from macro '_LIBCPP_DEPRECATED_IN_CXX17'
  725 | #    define _LIBCPP_DEPRECATED_IN_CXX17 _LIBCPP_DEPRECATED
      |                                         ^
/opt/homebrew/Caskroom/android-ndk/29/AndroidNDK14206865.app/Contents/NDK/toolchains/llvm/prebuilt/darwin-x86_64/bin/../sysroot/usr/include/c++/v1/__config:698:49: note: expanded from macro '_LIBCPP_DEPRECATED'
  698 | #      define _LIBCPP_DEPRECATED __attribute__((__deprecated__))
      |                                                 ^
/Users/yonicohen/dev/orionuo-android/OrionUO/Wisp/WispGlobal.cpp:190:31: warning: 'codecvt_utf8_utf16<wchar_t>' is deprecated [-Wdeprecated-declarations]
  190 |     std::wstring_convert<std::codecvt_utf8_utf16<wchar_t>> converter;
      |                               ^
/opt/homebrew/Caskroom/android-ndk/29/AndroidNDK14206865.app/Contents/NDK/toolchains/llvm/prebuilt/darwin-x86_64/bin/../sysroot/usr/include/c++/v1/codecvt:571:28: note: 'codecvt_utf8_utf16<wchar_t>' has been explicitly marked deprecated here
  571 | class _LIBCPP_TEMPLATE_VIS _LIBCPP_DEPRECATED_IN_CXX17 codecvt_utf8_utf16 : public __codecvt_utf8_utf16<_Elem> {
      |                            ^
/opt/homebrew/Caskroom/android-ndk/29/AndroidNDK14206865.app/Contents/NDK/toolchains/llvm/prebuilt/darwin-x86_64/bin/../sysroot/usr/include/c++/v1/__config:725:41: note: expanded from macro '_LIBCPP_DEPRECATED_IN_CXX17'
  725 | #    define _LIBCPP_DEPRECATED_IN_CXX17 _LIBCPP_DEPRECATED
      |                                         ^
/opt/homebrew/Caskroom/android-ndk/29/AndroidNDK14206865.app/Contents/NDK/toolchains/llvm/prebuilt/darwin-x86_64/bin/../sysroot/usr/include/c++/v1/__config:698:49: note: expanded from macro '_LIBCPP_DEPRECATED'
  698 | #      define _LIBCPP_DEPRECATED __attribute__((__deprecated__))
      |                                                 ^
/Users/yonicohen/dev/orionuo-android/OrionUO/Wisp/WispGlobal.cpp:190:10: warning: 'wstring_convert<std::codecvt_utf8_utf16<wchar_t>>' is deprecated [-Wdeprecated-declarations]
  190 |     std::wstring_convert<std::codecvt_utf8_utf16<wchar_t>> converter;
      |          ^
/opt/homebrew/Caskroom/android-ndk/29/AndroidNDK14206865.app/Contents/NDK/toolchains/llvm/prebuilt/darwin-x86_64/bin/../sysroot/usr/include/c++/v1/locale:3070:28: note: 'wstring_convert<std::codecvt_utf8_utf16<wchar_t>>' has been explicitly marked deprecated here
 3070 | class _LIBCPP_TEMPLATE_VIS _LIBCPP_DEPRECATED_IN_CXX17 wstring_convert {
      |                            ^
/opt/homebrew/Caskroom/android-ndk/29/AndroidNDK14206865.app/Contents/NDK/toolchains/llvm/prebuilt/darwin-x86_64/bin/../sysroot/usr/include/c++/v1/__config:725:41: note: expanded from macro '_LIBCPP_DEPRECATED_IN_CXX17'
  725 | #    define _LIBCPP_DEPRECATED_IN_CXX17 _LIBCPP_DEPRECATED
      |                                         ^
/opt/homebrew/Caskroom/android-ndk/29/AndroidNDK14206865.app/Contents/NDK/toolchains/llvm/prebuilt/darwin-x86_64/bin/../sysroot/usr/include/c++/v1/__config:698:49: note: expanded from macro '_LIBCPP_DEPRECATED'
  698 | #      define _LIBCPP_DEPRECATED __attribute__((__deprecated__))
      |                                                 ^
8 warnings generated.
